<html>
<body>
<pre>
<h1>µVision Build Log</h1>
<h2>Project:</h2>
C:\Keil\Labs\Project 3 _States - Flag\StepperMotor.uvproj
Project File Date:  04/28/2017

<h2>Output:</h2>
Rebuild target 'Stepper_Motor'
assembling startup.s...
compiling StepperTestMain.c...
compiling stepper.c...
compiling SysTick.c...
linking...
Program Size: Code=2928 RO-data=92 RW-data=84 ZI-data=1124  
".\StepperMotor.axf" - 0 Error(s), 0 Warning(s).
Load "C:\\Keil\\Labs\\Project 3 _States - Flag\\StepperMotor.axf" 
Connecting: Mode=JTAG, Speed=1000000Hz
Erase Done.
Programming Done.
Verify OK.
</pre>
</body>
</html>
error
"StepperTestMain.c" - 1 Error(s), 0 Warning(s).
 Warning(s).
Target not created
f" - 3 Error(s), 0 Warning(s).
Target not created
